[1m[33m
Warning: This is a simple server for use in testing or debugging Angular applications
locally. It hasn't been reviewed for security issues.

Binding this server to an open connection can result in compromising your application or
computer. Using a different host than the one passed to the "--host" flag might result in
websocket connection issues.
    [39m[22m
[33m>[39m Building...
[32m√[39m Building...
[1mInitial chunk files[22m[2m | [22m[1mNames[22m                             [2m | [22m [1mRaw size[22m
[32mmain.js[39m            [2m | [22m[2mmain[22m                              [2m | [22m[36m179.75 kB[39m[2m | [22m
[32mchunk-QU6F2J6I.js[39m  [2m | [22m[2m-[22m                                 [2m | [22m[36m114.38 kB[39m[2m | [22m
[32mchunk-ZVXWTUU3.js[39m  [2m | [22m[2m-[22m                                 [2m | [22m[36m102.77 kB[39m[2m | [22m
[32mchunk-6NPAY2LY.js[39m  [2m | [22m[2m-[22m                                 [2m | [22m [36m74.05 kB[39m[2m | [22m
[32mchunk-2CEYKR2H.js[39m  [2m | [22m[2m-[22m                                 [2m | [22m [36m64.26 kB[39m[2m | [22m
[32mchunk-LUS6WXIV.js[39m  [2m | [22m[2m-[22m                                 [2m | [22m [36m62.86 kB[39m[2m | [22m
[32mchunk-LVVH2EVP.js[39m  [2m | [22m[2m-[22m                                 [2m | [22m [36m57.00 kB[39m[2m | [22m
[32mchunk-IHXJTHJU.js[39m  [2m | [22m[2m-[22m                                 [2m | [22m [36m55.89 kB[39m[2m | [22m
[32mchunk-SE4MBDVV.js[39m  [2m | [22m[2m-[22m                                 [2m | [22m [36m43.17 kB[39m[2m | [22m
[32mchunk-O6J76LGI.js[39m  [2m | [22m[2m-[22m                                 [2m | [22m [36m37.56 kB[39m[2m | [22m
[32mchunk-QIHBS7ZO.js[39m  [2m | [22m[2m-[22m                                 [2m | [22m [36m31.60 kB[39m[2m | [22m
[32mchunk-E2LOMJAO.js[39m  [2m | [22m[2m-[22m                                 [2m | [22m [36m22.48 kB[39m[2m | [22m
[32mchunk-R362SRTE.js[39m  [2m | [22m[2m-[22m                                 [2m | [22m  [36m3.48 kB[39m[2m | [22m
[32mstyles.css[39m         [2m | [22m[2mstyles[22m                            [2m | [22m  [36m2.58 kB[39m[2m | [22m
[32mchunk-3YIBYEGC.js[39m  [2m | [22m[2m-[22m                                 [2m | [22m  [36m2.55 kB[39m[2m | [22m
[32mchunk-RAU5RHGQ.js[39m  [2m | [22m[2m-[22m                                 [2m | [22m  [36m1.79 kB[39m[2m | [22m

[1m [22m                  [2m | [22m[1mInitial total[22m                     [2m | [22m[1m856.16 kB[22m

[1mLazy chunk files[22m   [2m | [22m[1mNames[22m                             [2m | [22m [1mRaw size[22m
[32mchunk-YDFMGJDV.js[39m  [2m | [22m[2mpatient-appointment-form-component[22m[2m | [22m[36m282 bytes[39m[2m | [22m
[32mchunk-JAIQ5I7T.js[39m  [2m | [22m[2mdoctor-dashboard-component[22m        [2m | [22m[36m268 bytes[39m[2m | [22m
[32mchunk-NQ7ENWST.js[39m  [2m | [22m[2mappointment-form-component[22m        [2m | [22m[36m268 bytes[39m[2m | [22m
[32mchunk-YU2CFHVO.js[39m  [2m | [22m[2mdoctor-patients-component[22m         [2m | [22m[36m266 bytes[39m[2m | [22m
[32mchunk-INKJHOWS.js[39m  [2m | [22m[2mdoctor-history-component[22m          [2m | [22m[36m264 bytes[39m[2m | [22m
[32mchunk-UHQ6FLRP.js[39m  [2m | [22m[2mpatient-dashboard-component[22m       [2m | [22m[36m240 bytes[39m[2m | [22m
[32mchunk-ZCJH4JX5.js[39m  [2m | [22m[2mappointment-list-component[22m        [2m | [22m[36m238 bytes[39m[2m | [22m
[32mchunk-22B2OVIE.js[39m  [2m | [22m[2madmin-config-component[22m            [2m | [22m[36m230 bytes[39m[2m | [22m
[32mchunk-EEX56GVY.js[39m  [2m | [22m[2mregister-component[22m                [2m | [22m[36m194 bytes[39m[2m | [22m
[32mchunk-ECWOVI3I.js[39m  [2m | [22m[2mlogin-component[22m                   [2m | [22m[36m188 bytes[39m[2m | [22m

Application bundle generation complete. [11.618 seconds] - 2026-05-29T16:20:22.078Z

Watch mode enabled. Watching for file changes...
NOTE: Raw file sizes do not reflect development server per-request transformations.
  [32m➜[39m  [1mLocal[22m:   [36mhttp://localhost:[1m4200[22m/[39m
  [32m➜[39m  [1mNetwork[22m: [36mhttp://192.168.56.1:[1m4200[22m/[39m
  [32m➜[39m  [1mNetwork[22m: [36mhttp://192.168.0.18:[1m4200[22m/[39m
  [32m➜[39m  [1mNetwork[22m: [36mhttp://172.20.112.1:[1m4200[22m/[39m
[2m[32m  ➜[39m[22m[2m  press [22m[1mh + enter[22m[2m to show help[22m
